<?xml version="1.0" encoding="UTF-8"?>
<testsuites name="jest tests" tests="68" failures="0" errors="0" time="8.795">
  <testsuite name="API requests" errors="0" failures="0" skipped="0" timestamp="2026-01-11T11:44:35" time="0.826" tests="9">
    <testcase classname="API requests should fail if X-Auth-Token is not specified" name="API requests should fail if X-Auth-Token is not specified" time="0.235">
    </testcase>
    <testcase classname="API requests should fail if core returns net error while fetching user" name="API requests should fail if core returns net error while fetching user" time="0.01">
    </testcase>
    <testcase classname="API requests should fail if core returns garbage while fetching user" name="API requests should fail if core returns garbage while fetching user" time="0.009">
    </testcase>
    <testcase classname="API requests should fail if core returns unsuccessful response while fetching user" name="API requests should fail if core returns unsuccessful response while fetching user" time="0.007">
    </testcase>
    <testcase classname="API requests should fail if core returns net error while fetching permissions" name="API requests should fail if core returns net error while fetching permissions" time="0.005">
    </testcase>
    <testcase classname="API requests should fail if core returns garbage while fetching permissions" name="API requests should fail if core returns garbage while fetching permissions" time="0.007">
    </testcase>
    <testcase classname="API requests should fail if core returns unsuccessful response while fetching permissions" name="API requests should fail if core returns unsuccessful response while fetching permissions" time="0.006">
    </testcase>
    <testcase classname="API requests should fail if body is not JSON" name="API requests should fail if body is not JSON" time="0.008">
    </testcase>
    <testcase classname="API requests should fail on accessing non-existant endpoint" name="API requests should fail on accessing non-existant endpoint" time="0.006">
    </testcase>
  </testsuite>
  <testsuite name="Page listing" errors="0" failures="0" skipped="0" timestamp="2026-01-11T11:44:36" time="0.609" tests="4">
    <testcase classname="Page listing should fail if no permission" name="Page listing should fail if no permission" time="0.046">
    </testcase>
    <testcase classname="Page listing should succeed if everything is okay" name="Page listing should succeed if everything is okay" time="0.039">
    </testcase>
    <testcase classname="Page listing should respect limit and offset" name="Page listing should respect limit and offset" time="0.049">
    </testcase>
    <testcase classname="Page listing should respect sorting" name="Page listing should respect sorting" time="0.046">
    </testcase>
  </testsuite>
  <testsuite name="Chapter listing" errors="0" failures="0" skipped="0" timestamp="2026-01-11T11:44:37" time="0.45" tests="4">
    <testcase classname="Chapter listing should fail if no permission" name="Chapter listing should fail if no permission" time="0.03">
    </testcase>
    <testcase classname="Chapter listing should succeed if everything is okay" name="Chapter listing should succeed if everything is okay" time="0.027">
    </testcase>
    <testcase classname="Chapter listing should respect limit and offset" name="Chapter listing should respect limit and offset" time="0.031">
    </testcase>
    <testcase classname="Chapter listing should respect sorting" name="Chapter listing should respect sorting" time="0.03">
    </testcase>
  </testsuite>
  <testsuite name="Page editing" errors="0" failures="0" skipped="0" timestamp="2026-01-11T11:44:37" time="0.529" tests="4">
    <testcase classname="Page editing should fail if no permission" name="Page editing should fail if no permission" time="0.054">
    </testcase>
    <testcase classname="Page editing should succeed if everything is okay" name="Page editing should succeed if everything is okay" time="0.042">
    </testcase>
    <testcase classname="Page editing should fail if name is not set" name="Page editing should fail if name is not set" time="0.037">
    </testcase>
    <testcase classname="Page editing should fail if page is not found" name="Page editing should fail if page is not found" time="0.032">
    </testcase>
  </testsuite>
  <testsuite name="Chapter editing" errors="0" failures="0" skipped="0" timestamp="2026-01-11T11:44:38" time="0.454" tests="4">
    <testcase classname="Chapter editing should fail if no permission" name="Chapter editing should fail if no permission" time="0.044">
    </testcase>
    <testcase classname="Chapter editing should succeed if everything is okay" name="Chapter editing should succeed if everything is okay" time="0.037">
    </testcase>
    <testcase classname="Chapter editing should fail if name is not set" name="Chapter editing should fail if name is not set" time="0.028">
    </testcase>
    <testcase classname="Chapter editing should fail if chapter is not found" name="Chapter editing should fail if chapter is not found" time="0.02">
    </testcase>
  </testsuite>
  <testsuite name="Page details" errors="0" failures="0" skipped="0" timestamp="2026-01-11T11:44:38" time="0.496" tests="4">
    <testcase classname="Page details should fail if no permission" name="Page details should fail if no permission" time="0.06">
    </testcase>
    <testcase classname="Page details should succeed if everything is okay" name="Page details should succeed if everything is okay" time="0.04">
    </testcase>
    <testcase classname="Page details should fail if page is not found" name="Page details should fail if page is not found" time="0.044">
    </testcase>
    <testcase classname="Page details should fail if page id is not a number" name="Page details should fail if page id is not a number" time="0.045">
    </testcase>
  </testsuite>
  <testsuite name="Course listing" errors="0" failures="0" skipped="0" timestamp="2026-01-11T11:44:38" time="0.423" tests="4">
    <testcase classname="Course listing should fail if no permission" name="Course listing should fail if no permission" time="0.016">
    </testcase>
    <testcase classname="Course listing should succeed if everything is okay" name="Course listing should succeed if everything is okay" time="0.034">
    </testcase>
    <testcase classname="Course listing should respect limit and offset" name="Course listing should respect limit and offset" time="0.03">
    </testcase>
    <testcase classname="Course listing should respect sorting" name="Course listing should respect sorting" time="0.028">
    </testcase>
  </testsuite>
  <testsuite name="Page creating" errors="0" failures="0" skipped="0" timestamp="2026-01-11T11:44:39" time="0.495" tests="3">
    <testcase classname="Page creating should fail if no permission" name="Page creating should fail if no permission" time="0.048">
    </testcase>
    <testcase classname="Page creating should succeed if everything is okay" name="Page creating should succeed if everything is okay" time="0.052">
    </testcase>
    <testcase classname="Page creating should fail if name is not set" name="Page creating should fail if name is not set" time="0.032">
    </testcase>
  </testsuite>
  <testsuite name="Course editing" errors="0" failures="0" skipped="0" timestamp="2026-01-11T11:44:39" time="0.421" tests="4">
    <testcase classname="Course editing should fail if no permission" name="Course editing should fail if no permission" time="0.035">
    </testcase>
    <testcase classname="Course editing should succeed if everything is okay" name="Course editing should succeed if everything is okay" time="0.022">
    </testcase>
    <testcase classname="Course editing should fail if name is not set" name="Course editing should fail if name is not set" time="0.018">
    </testcase>
    <testcase classname="Course editing should fail if course is not found" name="Course editing should fail if course is not found" time="0.013">
    </testcase>
  </testsuite>
  <testsuite name="Chapter details" errors="0" failures="0" skipped="0" timestamp="2026-01-11T11:44:40" time="0.507" tests="4">
    <testcase classname="Chapter details should fail if no permission" name="Chapter details should fail if no permission" time="0.05">
    </testcase>
    <testcase classname="Chapter details should succeed if everything is okay" name="Chapter details should succeed if everything is okay" time="0.033">
    </testcase>
    <testcase classname="Chapter details should fail if chapter is not found" name="Chapter details should fail if chapter is not found" time="0.029">
    </testcase>
    <testcase classname="Chapter details should fail if chapter id is not a number" name="Chapter details should fail if chapter id is not a number" time="0.026">
    </testcase>
  </testsuite>
  <testsuite name="Page deleting" errors="0" failures="0" skipped="0" timestamp="2026-01-11T11:44:40" time="0.479" tests="3">
    <testcase classname="Page deleting should fail if no permission" name="Page deleting should fail if no permission" time="0.07">
    </testcase>
    <testcase classname="Page deleting should succeed if everything is okay" name="Page deleting should succeed if everything is okay" time="0.048">
    </testcase>
    <testcase classname="Page deleting should fail if page is not found" name="Page deleting should fail if page is not found" time="0.042">
    </testcase>
  </testsuite>
  <testsuite name="Chapter creating" errors="0" failures="0" skipped="0" timestamp="2026-01-11T11:44:41" time="0.437" tests="3">
    <testcase classname="Chapter creating should fail if no permission" name="Chapter creating should fail if no permission" time="0.037">
    </testcase>
    <testcase classname="Chapter creating should succeed if everything is okay" name="Chapter creating should succeed if everything is okay" time="0.025">
    </testcase>
    <testcase classname="Chapter creating should fail if name is not set" name="Chapter creating should fail if name is not set" time="0.024">
    </testcase>
  </testsuite>
  <testsuite name="Course details" errors="0" failures="0" skipped="0" timestamp="2026-01-11T11:44:41" time="0.441" tests="4">
    <testcase classname="Course details should fail if no permission" name="Course details should fail if no permission" time="0.03">
    </testcase>
    <testcase classname="Course details should succeed if everything is okay" name="Course details should succeed if everything is okay" time="0.022">
    </testcase>
    <testcase classname="Course details should fail if course is not found" name="Course details should fail if course is not found" time="0.017">
    </testcase>
    <testcase classname="Course details should fail if course id is not a number" name="Course details should fail if course id is not a number" time="0.016">
    </testcase>
  </testsuite>
  <testsuite name="Chapter deleting" errors="0" failures="0" skipped="0" timestamp="2026-01-11T11:44:42" time="0.482" tests="3">
    <testcase classname="Chapter deleting should fail if no permission" name="Chapter deleting should fail if no permission" time="0.055">
    </testcase>
    <testcase classname="Chapter deleting should succeed if everything is okay" name="Chapter deleting should succeed if everything is okay" time="0.046">
    </testcase>
    <testcase classname="Chapter deleting should fail if chapter is not found" name="Chapter deleting should fail if chapter is not found" time="0.035">
    </testcase>
  </testsuite>
  <testsuite name="Course creating" errors="0" failures="0" skipped="0" timestamp="2026-01-11T11:44:42" time="0.44" tests="3">
    <testcase classname="Course creating should fail if no permission" name="Course creating should fail if no permission" time="0.026">
    </testcase>
    <testcase classname="Course creating should succeed if everything is okay" name="Course creating should succeed if everything is okay" time="0.032">
    </testcase>
    <testcase classname="Course creating should fail if name is not set" name="Course creating should fail if name is not set" time="0.02">
    </testcase>
  </testsuite>
  <testsuite name="Course deleting" errors="0" failures="0" skipped="0" timestamp="2026-01-11T11:44:43" time="0.434" tests="3">
    <testcase classname="Course deleting should fail if no permission" name="Course deleting should fail if no permission" time="0.041">
    </testcase>
    <testcase classname="Course deleting should succeed if everything is okay" name="Course deleting should succeed if everything is okay" time="0.025">
    </testcase>
    <testcase classname="Course deleting should fail if course is not found" name="Course deleting should fail if course is not found" time="0.019">
    </testcase>
  </testsuite>
  <testsuite name="Cascade deleting" errors="0" failures="0" skipped="0" timestamp="2026-01-11T11:44:43" time="0.369" tests="3">
    <testcase classname="Cascade deleting Chapter deleting should delete all pages" name="Cascade deleting Chapter deleting should delete all pages" time="0.028">
    </testcase>
    <testcase classname="Cascade deleting Course deleting should delete all chapters" name="Cascade deleting Course deleting should delete all chapters" time="0.01">
    </testcase>
    <testcase classname="Cascade deleting Course deleting should delete all pages" name="Cascade deleting Course deleting should delete all pages" time="0.012">
    </testcase>
  </testsuite>
  <testsuite name="Metrics requests" errors="0" failures="0" skipped="0" timestamp="2026-01-11T11:44:43" time="0.374" tests="2">
    <testcase classname="Metrics requests should return data correctly on /metrics" name="Metrics requests should return data correctly on /metrics" time="0.258">
    </testcase>
    <testcase classname="Metrics requests should return data correctly on /metrics/requests" name="Metrics requests should return data correctly on /metrics/requests" time="0.012">
    </testcase>
  </testsuite>
</testsuites>